178.22.56.48 - - [23/Sep/2015:07:09:34 -0500] "GET / HTTP/1.1" 200 110132 "-" "Mozilla/5.0 (Anturis Agent)"
173.192.239.226 - - [23/Sep/2015:07:09:34 -0500] "GET /m/product-detail/act-ii-microwave-cooker-popcorn-butter-lovers HTTP/1.1" 200 8705 "-" "AddThis.com (http://support.addthis.com/)"
66.249.79.128 - - [23/Sep/2015:07:09:34 -0500] "GET /tyagimedicos/subcategory/health-drinks HTTP/1.1" 200 14519 "-" "Mozilla/5.0 (compatible; Googlebot/2.1; +http://www.google.com/bot.html)"
123.63.203.51 - - [23/Sep/2015:07:09:37 -0500] "GET /product-detail/leonardo-extra-virgin-olive-oil HTTP/1.1" 200 15419 "https://www.google.co.in/" "Mozilla/5.0 (Windows NT 6.1) AppleWebKit/537.36 (KHTML, like Gecko) Chrome/45.0.2454.93 Safari/537.36"
123.63.203.51 - - [23/Sep/2015:07:09:39 -0500] "GET /css/style.css HTTP/1.1" 200 13032 "https://www.aaramshop.com/product-detail/leonardo-extra-virgin-olive-oil" "Mozilla/5.0 (Windows NT 6.1) AppleWebKit/537.36 (KHTML, like Gecko) Chrome/45.0.2454.93 Safari/537.36"
123.63.203.51 - - [23/Sep/2015:07:09:39 -0500] "GET /css/carousel.css HTTP/1.1" 200 718 "https://www.aaramshop.com/product-detail/leonardo-extra-virgin-olive-oil" "Mozilla/5.0 (Windows NT 6.1) AppleWebKit/537.36 (KHTML, like Gecko) Chrome/45.0.2454.93 Safari/537.36"
123.63.203.51 - - [23/Sep/2015:07:09:39 -0500] "GET /css/camera.css HTTP/1.1" 200 1697 "https://www.aaramshop.com/product-detail/leonardo-extra-virgin-olive-oil" "Mozilla/5.0 (Windows NT 6.1) AppleWebKit/537.36 (KHTML, like Gecko) Chrome/45.0.2454.93 Safari/537.36"
123.63.203.51 - - [23/Sep/2015:07:09:40 -0500] "GET /css/jquery-ui.css HTTP/1.1" 200 4354 "https://www.aaramshop.com/product-detail/leonardo-extra-virgin-olive-oil" "Mozilla/5.0 (Windows NT 6.1) AppleWebKit/537.36 (KHTML, like Gecko) Chrome/45.0.2454.93 Safari/537.36"
123.63.203.51 - - [23/Sep/2015:07:09:40 -0500] "GET /js/common.js HTTP/1.1" 200 1013 "https://www.aaramshop.com/product-detail/leonardo-extra-virgin-olive-oil" "Mozilla/5.0 (Windows NT 6.1) AppleWebKit/537.36 (KHTML, like Gecko) Chrome/45.0.2454.93 Safari/537.36"
123.63.203.51 - - [23/Sep/2015:07:09:40 -0500] "GET /js/jquery-1.7.1.min.js HTTP/1.1" 200 33110 "https://www.aaramshop.com/product-detail/leonardo-extra-virgin-olive-oil" "Mozilla/5.0 (Windows NT 6.1) AppleWebKit/537.36 (KHTML, like Gecko) Chrome/45.0.2454.93 Safari/537.36"
123.63.203.51 - - [23/Sep/2015:07:09:40 -0500] "GET /js/jquery.cookie.js HTTP/1.1" 200 368 "https://www.aaramshop.com/product-detail/leonardo-extra-virgin-olive-oil" "Mozilla/5.0 (Windows NT 6.1) AppleWebKit/537.36 (KHTML, like Gecko) Chrome/45.0.2454.93 Safari/537.36"
123.63.203.51 - - [23/Sep/2015:07:09:40 -0500] "GET /js/jquery.easing.1.3.js HTTP/1.1" 200 809 "https://www.aaramshop.com/product-detail/leonardo-extra-virgin-olive-oil" "Mozilla/5.0 (Windows NT 6.1) AppleWebKit/537.36 (KHTML, like Gecko) Chrome/45.0.2454.93 Safari/537.36"
123.63.203.51 - - [23/Sep/2015:07:09:40 -0500] "GET /js/tabs.js HTTP/1.1" 200 199 "https://www.aaramshop.com/product-detail/leonardo-extra-virgin-olive-oil" "Mozilla/5.0 (Windows NT 6.1) AppleWebKit/537.36 (KHTML, like Gecko) Chrome/45.0.2454.93 Safari/537.36"
123.63.203.51 - - [23/Sep/2015:07:09:40 -0500] "GET /js/camera.js HTTP/1.1" 200 9142 "https://www.aaramshop.com/product-detail/leonardo-extra-virgin-olive-oil" "Mozilla/5.0 (Windows NT 6.1) AppleWebKit/537.36 (KHTML, like Gecko) Chrome/45.0.2454.93 Safari/537.36"
123.63.203.51 - - [23/Sep/2015:07:09:40 -0500] "GET /js/jquery.jcarousel.min.js HTTP/1.1" 200 4232 "https://www.aaramshop.com/product-detail/leonardo-extra-virgin-olive-oil" "Mozilla/5.0 (Windows NT 6.1) AppleWebKit/537.36 (KHTML, like Gecko) Chrome/45.0.2454.93 Safari/537.36"
123.63.203.51 - - [23/Sep/2015:07:09:40 -0500] "GET /js/aquacart_custom.js HTTP/1.1" 200 687 "https://www.aaramshop.com/product-detail/leonardo-extra-virgin-olive-oil" "Mozilla/5.0 (Windows NT 6.1) AppleWebKit/537.36 (KHTML, like Gecko) Chrome/45.0.2454.93 Safari/537.36"
123.63.203.51 - - [23/Sep/2015:07:09:40 -0500] "GET /js/jquery-ui-1.8.16.custom.min.js HTTP/1.1" 200 50398 "https://www.aaramshop.com/product-detail/leonardo-extra-virgin-olive-oil" "Mozilla/5.0 (Windows NT 6.1) AppleWebKit/537.36 (KHTML, like Gecko) Chrome/45.0.2454.93 Safari/537.36"
123.63.203.51 - - [23/Sep/2015:07:09:40 -0500] "GET /js/cloud_zoom.js HTTP/1.1" 200 4141 "https://www.aaramshop.com/product-detail/leonardo-extra-virgin-olive-oil" "Mozilla/5.0 (Windows NT 6.1) AppleWebKit/537.36 (KHTML, like Gecko) Chrome/45.0.2454.93 Safari/537.36"
123.63.203.51 - - [23/Sep/2015:07:09:40 -0500] "GET /js/search.js HTTP/1.1" 200 590 "https://www.aaramshop.com/product-detail/leonardo-extra-virgin-olive-oil" "Mozilla/5.0 (Windows NT 6.1) AppleWebKit/537.36 (KHTML, like Gecko) Chrome/45.0.2454.93 Safari/537.36"
123.63.203.51 - - [23/Sep/2015:07:09:40 -0500] "GET /js/cart.js HTTP/1.1" 200 947 "https://www.aaramshop.com/product-detail/leonardo-extra-virgin-olive-oil" "Mozilla/5.0 (Windows NT 6.1) AppleWebKit/537.36 (KHTML, like Gecko) Chrome/45.0.2454.93 Safari/537.36"
123.63.203.51 - - [23/Sep/2015:07:09:40 -0500] "GET /images/aaramshop-logo.png HTTP/1.1" 200 4086 "https://www.aaramshop.com/product-detail/leonardo-extra-virgin-olive-oil" "Mozilla/5.0 (Windows NT 6.1) AppleWebKit/537.36 (KHTML, like Gecko) Chrome/45.0.2454.93 Safari/537.36"
123.63.203.51 - - [23/Sep/2015:07:09:41 -0500] "GET /uploaded_files/product/200x200/Leonardo_Extra_Virgin_Olive_Oil_5_litre_tin_AaramShop.jpg HTTP/1.1" 200 9827 "https://www.aaramshop.com/product-detail/leonardo-extra-virgin-olive-oil" "Mozilla/5.0 (Windows NT 6.1) AppleWebKit/537.36 (KHTML, like Gecko) Chrome/45.0.2454.93 Safari/537.36"
123.63.203.51 - - [23/Sep/2015:07:09:41 -0500] "GET /uploaded_files/product/200x200/Leonardo_Extra_Virgin_Olive_Oil_5_litre_tin_AaramShop1.jpg HTTP/1.1" 200 9827 "https://www.aaramshop.com/product-detail/leonardo-extra-virgin-olive-oil" "Mozilla/5.0 (Windows NT 6.1) AppleWebKit/537.36 (KHTML, like Gecko) Chrome/45.0.2454.93 Safari/537.36"
123.63.203.51 - - [23/Sep/2015:07:09:41 -0500] "GET /uploaded_files/product/200x200/Extra_Virgin_OLive_Oil1ltr_AaramShop.jpg HTTP/1.1" 200 5953 "https://www.aaramshop.com/product-detail/leonardo-extra-virgin-olive-oil" "Mozilla/5.0 (Windows NT 6.1) AppleWebKit/537.36 (KHTML, like Gecko) Chrome/45.0.2454.93 Safari/537.36"
123.63.203.51 - - [23/Sep/2015:07:09:41 -0500] "GET /uploaded_files/product/200x200/Leonardo_Extra_Virgin_Olive_Oil_250_ml_AaramShop.jpg HTTP/1.1" 200 7280 "https://www.aaramshop.com/product-detail/leonardo-extra-virgin-olive-oil" "Mozilla/5.0 (Windows NT 6.1) AppleWebKit/537.36 (KHTML, like Gecko) Chrome/45.0.2454.93 Safari/537.36"
123.63.203.51 - - [23/Sep/2015:07:09:41 -0500] "GET /images/main_bgr.png HTTP/1.1" 200 4661 "https://www.aaramshop.com/css/style.css" "Mozilla/5.0 (Windows NT 6.1) AppleWebKit/537.36 (KHTML, like Gecko) Chrome/45.0.2454.93 Safari/537.36"
123.63.203.51 - - [23/Sep/2015:07:09:41 -0500] "GET /images/main_nav_bgr_dark.png HTTP/1.1" 200 220 "https://www.aaramshop.com/css/style.css" "Mozilla/5.0 (Windows NT 6.1) AppleWebKit/537.36 (KHTML, like Gecko) Chrome/45.0.2454.93 Safari/537.36"
123.63.203.51 - - [23/Sep/2015:07:09:41 -0500] "GET /images/main_nav_bgr_sep_dark.png HTTP/1.1" 200 271 "https://www.aaramshop.com/css/style.css" "Mozilla/5.0 (Windows NT 6.1) AppleWebKit/537.36 (KHTML, like Gecko) Chrome/45.0.2454.93 Safari/537.36"
123.63.203.51 - - [23/Sep/2015:07:09:41 -0500] "GET /images/arrow_left_tiny2.png HTTP/1.1" 200 192 "https://www.aaramshop.com/css/style.css" "Mozilla/5.0 (Windows NT 6.1) AppleWebKit/537.36 (KHTML, like Gecko) Chrome/45.0.2454.93 Safari/537.36"
123.63.203.51 - - [23/Sep/2015:07:09:41 -0500] "GET /images/header_bgr.png HTTP/1.1" 200 176 "https://www.aaramshop.com/css/style.css" "Mozilla/5.0 (Windows NT 6.1) AppleWebKit/537.36 (KHTML, like Gecko) Chrome/45.0.2454.93 Safari/537.36"
123.63.203.51 - - [23/Sep/2015:07:09:41 -0500] "GET /images/search_bgr.png HTTP/1.1" 200 514 "https://www.aaramshop.com/css/style.css" "Mozilla/5.0 (Windows NT 6.1) AppleWebKit/537.36 (KHTML, like Gecko) Chrome/45.0.2454.93 Safari/537.36"
123.63.203.51 - - [23/Sep/2015:07:09:42 -0500] "GET /images/show_bg.jpg HTTP/1.1" 200 1024 "https://www.aaramshop.com/css/style.css" "Mozilla/5.0 (Windows NT 6.1) AppleWebKit/537.36 (KHTML, like Gecko) Chrome/45.0.2454.93 Safari/537.36"
123.63.203.51 - - [23/Sep/2015:07:09:42 -0500] "GET /images/innner-glow.png HTTP/1.1" 200 182 "https://www.aaramshop.com/css/style.css" "Mozilla/5.0 (Windows NT 6.1) AppleWebKit/537.36 (KHTML, like Gecko) Chrome/45.0.2454.93 Safari/537.36"
123.63.203.51 - - [23/Sep/2015:07:09:42 -0500] "GET /images/main_nav_bgr_sep_vertical_dark.png HTTP/1.1" 200 89 "https://www.aaramshop.com/css/style.css" "Mozilla/5.0 (Windows NT 6.1) AppleWebKit/537.36 (KHTML, like Gecko) Chrome/45.0.2454.93 Safari/537.36"
123.63.203.51 - - [23/Sep/2015:07:09:42 -0500] "GET /images/grad_menu.png HTTP/1.1" 200 169 "https://www.aaramshop.com/css/style.css" "Mozilla/5.0 (Windows NT 6.1) AppleWebKit/537.36 (KHTML, like Gecko) Chrome/45.0.2454.93 Safari/537.36"
123.63.203.51 - - [23/Sep/2015:07:09:42 -0500] "GET /images/shadow.png HTTP/1.1" 200 935 "https://www.aaramshop.com/css/style.css" "Mozilla/5.0 (Windows NT 6.1) AppleWebKit/537.36 (KHTML, like Gecko) Chrome/45.0.2454.93 Safari/537.36"
123.63.203.51 - - [23/Sep/2015:07:09:42 -0500] "GET /images/chkout.png HTTP/1.1" 200 2498 "https://www.aaramshop.com/css/style.css" "Mozilla/5.0 (Windows NT 6.1) AppleWebKit/537.36 (KHTML, like Gecko) Chrome/45.0.2454.93 Safari/537.36"
123.63.203.51 - - [23/Sep/2015:07:09:42 -0500] "GET /images/grad.png HTTP/1.1" 200 163 "https://www.aaramshop.com/css/style.css" "Mozilla/5.0 (Windows NT 6.1) AppleWebKit/537.36 (KHTML, like Gecko) Chrome/45.0.2454.93 Safari/537.36"
122.176.238.10 - - [23/Sep/2015:07:09:41 -0500] "GET /product-detail/nutrela-soya-mini-chunks HTTP/1.1" 200 15874 "https://www.aaramshop.com/category/snacks" "Mozilla/5.0 (Windows NT 6.1) AppleWebKit/537.36 (KHTML, like Gecko) Chrome/45.0.2454.93 Safari/537.36"
123.63.203.51 - - [23/Sep/2015:07:09:42 -0500] "GET /images/vwie.png HTTP/1.1" 200 1624 "https://www.aaramshop.com/css/style.css" "Mozilla/5.0 (Windows NT 6.1) AppleWebKit/537.36 (KHTML, like Gecko) Chrome/45.0.2454.93 Safari/537.36"
123.63.203.51 - - [23/Sep/2015:07:09:42 -0500] "GET /images/button-search.png HTTP/1.1" 200 325 "https://www.aaramshop.com/css/style.css" "Mozilla/5.0 (Windows NT 6.1) AppleWebKit/537.36 (KHTML, like Gecko) Chrome/45.0.2454.93 Safari/537.36"
123.63.203.51 - - [23/Sep/2015:07:09:42 -0500] "GET /images/minus.png HTTP/1.1" 200 149 "https://www.aaramshop.com/css/style.css" "Mozilla/5.0 (Windows NT 6.1) AppleWebKit/537.36 (KHTML, like Gecko) Chrome/45.0.2454.93 Safari/537.36"
123.63.203.51 - - [23/Sep/2015:07:09:42 -0500] "GET /images/plus.png HTTP/1.1" 200 179 "https://www.aaramshop.com/css/style.css" "Mozilla/5.0 (Windows NT 6.1) AppleWebKit/537.36 (KHTML, like Gecko) Chrome/45.0.2454.93 Safari/537.36"
122.176.238.10 - - [23/Sep/2015:07:09:42 -0500] "GET /uploaded_files/product/200x200/Nutrela1-Soya-Food2_AaramShop.jpg HTTP/1.1" 200 11894 "https://www.aaramshop.com/product-detail/nutrela-soya-mini-chunks" "Mozilla/5.0 (Windows NT 6.1) AppleWebKit/537.36 (KHTML, like Gecko) Chrome/45.0.2454.93 Safari/537.36"
123.63.203.51 - - [23/Sep/2015:07:09:42 -0500] "GET /images/home_icon.png HTTP/1.1" 200 154 "https://www.aaramshop.com/css/style.css" "Mozilla/5.0 (Windows NT 6.1) AppleWebKit/537.36 (KHTML, like Gecko) Chrome/45.0.2454.93 Safari/537.36"
182.66.64.99 - - [23/Sep/2015:07:09:42 -0500] "GET /uploaded_files/product/400x400/02-19-342061967220.jpg HTTP/1.1" 200 38755 "https://www.google.co.in/" "Mozilla/5.0 (Windows NT 6.1) AppleWebKit/537.36 (KHTML, like Gecko) Chrome/45.0.2454.99 Safari/537.36"
123.63.203.51 - - [23/Sep/2015:07:09:42 -0500] "GET /images/down-arrow.png HTTP/1.1" 200 267 "https://www.aaramshop.com/css/style.css" "Mozilla/5.0 (Windows NT 6.1) AppleWebKit/537.36 (KHTML, like Gecko) Chrome/45.0.2454.93 Safari/537.36"
123.63.203.51 - - [23/Sep/2015:07:09:42 -0500] "GET /images/icon.jpg HTTP/1.1" 200 718 "https://www.aaramshop.com/product-detail/leonardo-extra-virgin-olive-oil" "Mozilla/5.0 (Windows NT 6.1) AppleWebKit/537.36 (KHTML, like Gecko) Chrome/45.0.2454.93 Safari/537.36"
122.176.238.10 - - [23/Sep/2015:07:09:42 -0500] "GET /uploaded_files/product/200x200/Nutrela1-Soya-Food2_AaramShop1.jpg HTTP/1.1" 200 11894 "https://www.aaramshop.com/product-detail/nutrela-soya-mini-chunks" "Mozilla/5.0 (Windows NT 6.1) AppleWebKit/537.36 (KHTML, like Gecko) Chrome/45.0.2454.93 Safari/537.36"
123.63.203.51 - - [23/Sep/2015:07:09:42 -0500] "GET /images/cash_on_delivery.png HTTP/1.1" 200 4765 "https://www.aaramshop.com/product-detail/leonardo-extra-virgin-olive-oil" "Mozilla/5.0 (Windows NT 6.1) AppleWebKit/537.36 (KHTML, like Gecko) Chrome/45.0.2454.93 Safari/537.36"
123.63.203.51 - - [23/Sep/2015:07:09:42 -0500] "GET /images/cities-icon.png HTTP/1.1" 200 2807 "https://www.aaramshop.com/product-detail/leonardo-extra-virgin-olive-oil" "Mozilla/5.0 (Windows NT 6.1) AppleWebKit/537.36 (KHTML, like Gecko) Chrome/45.0.2454.93 Safari/537.36"
123.63.203.51 - - [23/Sep/2015:07:09:42 -0500] "GET /images/stars-0.png HTTP/1.1" 200 576 "https://www.aaramshop.com/product-detail/leonardo-extra-virgin-olive-oil" "Mozilla/5.0 (Windows NT 6.1) AppleWebKit/537.36 (KHTML, like Gecko) Chrome/45.0.2454.93 Safari/537.36"
122.176.238.10 - - [23/Sep/2015:07:09:43 -0500] "GET /uploaded_files/product/100x100/Sunflower-Plus-with-Red-Belt-5-litre-Jar_AaramShop.jpg HTTP/1.1" 200 3248 "https://www.aaramshop.com/product-detail/nutrela-soya-mini-chunks" "Mozilla/5.0 (Windows NT 6.1) AppleWebKit/537.36 (KHTML, like Gecko) Chrome/45.0.2454.93 Safari/537.36"
123.63.203.51 - - [23/Sep/2015:07:09:43 -0500] "GET /uploaded_files/addtocart/vivel-add-to-cart-icon.png HTTP/1.1" 200 18194 "https://www.aaramshop.com/product-detail/leonardo-extra-virgin-olive-oil" "Mozilla/5.0 (Windows NT 6.1) AppleWebKit/537.36 (KHTML, like Gecko) Chrome/45.0.2454.93 Safari/537.36"
123.63.203.51 - - [23/Sep/2015:07:09:43 -0500] "GET /images/aaram-bag.png HTTP/1.1" 200 2968 "https://www.aaramshop.com/product-detail/leonardo-extra-virgin-olive-oil" "Mozilla/5.0 (Windows NT 6.1) AppleWebKit/537.36 (KHTML, like Gecko) Chrome/45.0.2454.93 Safari/537.36"
122.162.51.46 - - [23/Sep/2015:07:09:42 -0500] "GET /asadmn/notification HTTP/1.1" 200 25 "https://www.aaramshop.com/asadmn/product/add" "Mozilla/5.0 (Windows NT 6.1) AppleWebKit/537.36 (KHTML, like Gecko) Chrome/45.0.2454.93 Safari/537.36"
123.63.203.51 - - [23/Sep/2015:07:09:43 -0500] "GET /uploaded_files/product/100x100/Gaia-olive_aaramshop.jpg HTTP/1.1" 200 1926 "https://www.aaramshop.com/product-detail/leonardo-extra-virgin-olive-oil" "Mozilla/5.0 (Windows NT 6.1) AppleWebKit/537.36 (KHTML, like Gecko) Chrome/45.0.2454.93 Safari/537.36"
123.63.203.51 - - [23/Sep/2015:07:09:43 -0500] "GET /uploaded_files/product/100x100/16-11-001356749508.jpg HTTP/1.1" 200 2720 "https://www.aaramshop.com/product-detail/leonardo-extra-virgin-olive-oil" "Mozilla/5.0 (Windows NT 6.1) AppleWebKit/537.36 (KHTML, like Gecko) Chrome/45.0.2454.93 Safari/537.36"
123.63.203.51 - - [23/Sep/2015:07:09:43 -0500] "GET /uploaded_files/product/100x100/17-54-38262970693.jpg HTTP/1.1" 200 1956 "https://www.aaramshop.com/product-detail/leonardo-extra-virgin-olive-oil" "Mozilla/5.0 (Windows NT 6.1) AppleWebKit/537.36 (KHTML, like Gecko) Chrome/45.0.2454.93 Safari/537.36"
123.63.203.51 - - [23/Sep/2015:07:09:43 -0500] "GET /uploaded_files/product/100x100/17-46-571739783720.jpg HTTP/1.1" 200 2293 "https://www.aaramshop.com/product-detail/leonardo-extra-virgin-olive-oil" "Mozilla/5.0 (Windows NT 6.1) AppleWebKit/537.36 (KHTML, like Gecko) Chrome/45.0.2454.93 Safari/537.36"
122.176.238.10 - - [23/Sep/2015:07:09:43 -0500] "GET /uploaded_files/product/100x100/11-07-59678446739.jpg HTTP/1.1" 200 3901 "https://www.aaramshop.com/product-detail/nutrela-soya-mini-chunks" "Mozilla/5.0 (Windows NT 6.1) AppleWebKit/537.36 (KHTML, like Gecko) Chrome/45.0.2454.93 Safari/537.36"
122.176.238.10 - - [23/Sep/2015:07:09:43 -0500] "GET /uploaded_files/product/100x100/Kachi-ghani-Mustard_AaramShop.jpg HTTP/1.1" 200 3443 "https://www.aaramshop.com/product-detail/nutrela-soya-mini-chunks" "Mozilla/5.0 (Windows NT 6.1) AppleWebKit/537.36 (KHTML, like Gecko) Chrome/45.0.2454.93 Safari/537.36"
122.176.238.10 - - [23/Sep/2015:07:09:43 -0500] "GET /uploaded_files/product/100x100/Nutrela1-Soya-Food3_AaramShop.jpg HTTP/1.1" 200 4020 "https://www.aaramshop.com/product-detail/nutrela-soya-mini-chunks" "Mozilla/5.0 (Windows NT 6.1) AppleWebKit/537.36 (KHTML, like Gecko) Chrome/45.0.2454.93 Safari/537.36"
122.176.238.10 - - [23/Sep/2015:07:09:43 -0500] "GET /uploaded_files/product/100x100/Knorr_mixed_aaramshop.png HTTP/1.1" 200 21720 "https://www.aaramshop.com/product-detail/nutrela-soya-mini-chunks" "Mozilla/5.0 (Windows NT 6.1) AppleWebKit/537.36 (KHTML, like Gecko) Chrome/45.0.2454.93 Safari/537.36"
123.63.203.51 - - [23/Sep/2015:07:09:43 -0500] "GET /uploaded_files/product/100x100/14-28-461772953308.jpg HTTP/1.1" 200 2965 "https://www.aaramshop.com/product-detail/leonardo-extra-virgin-olive-oil" "Mozilla/5.0 (Windows NT 6.1) AppleWebKit/537.36 (KHTML, like Gecko) Chrome/45.0.2454.93 Safari/537.36"
123.63.203.51 - - [23/Sep/2015:07:09:43 -0500] "GET /uploaded_files/product/100x100/17-30-152058191668.jpg HTTP/1.1" 200 1969 "https://www.aaramshop.com/product-detail/leonardo-extra-virgin-olive-oil" "Mozilla/5.0 (Windows NT 6.1) AppleWebKit/537.36 (KHTML, like Gecko) Chrome/45.0.2454.93 Safari/537.36"
123.63.203.51 - - [23/Sep/2015:07:09:43 -0500] "GET /uploaded_files/product/100x100/04-29-031151177398.jpg HTTP/1.1" 200 2808 "https://www.aaramshop.com/product-detail/leonardo-extra-virgin-olive-oil" "Mozilla/5.0 (Windows NT 6.1) AppleWebKit/537.36 (KHTML, like Gecko) Chrome/45.0.2454.93 Safari/537.36"
123.63.203.51 - - [23/Sep/2015:07:09:43 -0500] "GET /images/red.jpg HTTP/1.1" 200 1527 "https://www.aaramshop.com/product-detail/leonardo-extra-virgin-olive-oil" "Mozilla/5.0 (Windows NT 6.1) AppleWebKit/537.36 (KHTML, like Gecko) Chrome/45.0.2454.93 Safari/537.36"
123.63.203.51 - - [23/Sep/2015:07:09:43 -0500] "GET /images/red2.jpg HTTP/1.1" 200 1640 "https://www.aaramshop.com/product-detail/leonardo-extra-virgin-olive-oil" "Mozilla/5.0 (Windows NT 6.1) AppleWebKit/537.36 (KHTML, like Gecko) Chrome/45.0.2454.93 Safari/537.36"
123.63.203.51 - - [23/Sep/2015:07:09:43 -0500] "GET /images/aaramshop_loading.gif HTTP/1.1" 200 1905 "https://www.aaramshop.com/product-detail/leonardo-extra-virgin-olive-oil" "Mozilla/5.0 (Windows NT 6.1) AppleWebKit/537.36 (KHTML, like Gecko) Chrome/45.0.2454.93 Safari/537.36"
123.63.203.51 - - [23/Sep/2015:07:09:43 -0500] "GET /uploaded_files/product/25x25/16-20-581413810284.jpg HTTP/1.1" 200 901 "https://www.aaramshop.com/product-detail/leonardo-extra-virgin-olive-oil" "Mozilla/5.0 (Windows NT 6.1) AppleWebKit/537.36 (KHTML, like Gecko) Chrome/45.0.2454.93 Safari/537.36"
123.63.203.51 - - [23/Sep/2015:07:09:43 -0500] "GET /images/arrow_down_tiny_dark.png HTTP/1.1" 200 145 "https://www.aaramshop.com/css/style.css" "Mozilla/5.0 (Windows NT 6.1) AppleWebKit/537.36 (KHTML, like Gecko) Chrome/45.0.2454.93 Safari/537.36"
123.63.203.51 - - [23/Sep/2015:07:09:43 -0500] "GET /images/quick-order.png HTTP/1.1" 200 846 "https://www.aaramshop.com/css/style.css" "Mozilla/5.0 (Windows NT 6.1) AppleWebKit/537.36 (KHTML, like Gecko) Chrome/45.0.2454.93 Safari/537.36"
123.63.203.51 - - [23/Sep/2015:07:09:43 -0500] "GET /images/icon_compare.png HTTP/1.1" 200 2906 "https://www.aaramshop.com/css/style.css" "Mozilla/5.0 (Windows NT 6.1) AppleWebKit/537.36 (KHTML, like Gecko) Chrome/45.0.2454.93 Safari/537.36"
123.63.203.51 - - [23/Sep/2015:07:09:43 -0500] "GET /images/favourite-icon.png HTTP/1.1" 200 747 "https://www.aaramshop.com/css/style.css" "Mozilla/5.0 (Windows NT 6.1) AppleWebKit/537.36 (KHTML, like Gecko) Chrome/45.0.2454.93 Safari/537.36"
122.176.238.10 - - [23/Sep/2015:07:09:43 -0500] "GET /uploaded_files/product/400x400/Nutrela1-Soya-Food2_AaramShop.jpg HTTP/1.1" 200 32309 "https://www.aaramshop.com/product-detail/nutrela-soya-mini-chunks" "Mozilla/5.0 (Windows NT 6.1) AppleWebKit/537.36 (KHTML, like Gecko) Chrome/45.0.2454.93 Safari/537.36"
123.63.203.51 - - [23/Sep/2015:07:09:44 -0500] "GET /images/icon_comment.png HTTP/1.1" 200 290 "https://www.aaramshop.com/css/style.css" "Mozilla/5.0 (Windows NT 6.1) AppleWebKit/537.36 (KHTML, like Gecko) Chrome/45.0.2454.93 Safari/537.36"
123.63.203.51 - - [23/Sep/2015:07:09:44 -0500] "GET /images/button-previous.png HTTP/1.1" 200 325 "https://www.aaramshop.com/css/carousel.css" "Mozilla/5.0 (Windows NT 6.1) AppleWebKit/537.36 (KHTML, like Gecko) Chrome/45.0.2454.93 Safari/537.36"
123.63.203.51 - - [23/Sep/2015:07:09:44 -0500] "GET /images/button-next.png HTTP/1.1" 200 159 "https://www.aaramshop.com/css/carousel.css" "Mozilla/5.0 (Windows NT 6.1) AppleWebKit/537.36 (KHTML, like Gecko) Chrome/45.0.2454.93 Safari/537.36"
123.63.203.51 - - [23/Sep/2015:07:09:44 -0500] "GET /images/footer_bgr_dark.png HTTP/1.1" 200 499 "https://www.aaramshop.com/css/style.css" "Mozilla/5.0 (Windows NT 6.1) AppleWebKit/537.36 (KHTML, like Gecko) Chrome/45.0.2454.93 Safari/537.36"
123.63.203.51 - - [23/Sep/2015:07:09:44 -0500] "GET /images/footer_top_bgr.png HTTP/1.1" 200 130 "https://www.aaramshop.com/css/style.css" "Mozilla/5.0 (Windows NT 6.1) AppleWebKit/537.36 (KHTML, like Gecko) Chrome/45.0.2454.93 Safari/537.36"
123.63.203.51 - - [23/Sep/2015:07:09:44 -0500] "GET /images/icon_phone.png HTTP/1.1" 200 349 "https://www.aaramshop.com/css/style.css" "Mozilla/5.0 (Windows NT 6.1) AppleWebKit/537.36 (KHTML, like Gecko) Chrome/45.0.2454.93 Safari/537.36"
123.63.203.51 - - [23/Sep/2015:07:09:44 -0500] "GET /images/icon_mail.png HTTP/1.1" 200 467 "https://www.aaramshop.com/css/style.css" "Mozilla/5.0 (Windows NT 6.1) AppleWebKit/537.36 (KHTML, like Gecko) Chrome/45.0.2454.93 Safari/537.36"
123.63.203.51 - - [23/Sep/2015:07:09:44 -0500] "GET /images/icon_loc.png HTTP/1.1" 200 767 "https://www.aaramshop.com/css/style.css" "Mozilla/5.0 (Windows NT 6.1) AppleWebKit/537.36 (KHTML, like Gecko) Chrome/45.0.2454.93 Safari/537.36"
123.63.203.51 - - [23/Sep/2015:07:09:44 -0500] "GET /images/icon_pinterest.png HTTP/1.1" 200 1143 "https://www.aaramshop.com/css/style.css" "Mozilla/5.0 (Windows NT 6.1) AppleWebKit/537.36 (KHTML, like Gecko) Chrome/45.0.2454.93 Safari/537.36"
123.63.203.51 - - [23/Sep/2015:07:09:44 -0500] "GET /images/icon_tweet.png HTTP/1.1" 200 913 "https://www.aaramshop.com/css/style.css" "Mozilla/5.0 (Windows NT 6.1) AppleWebKit/537.36 (KHTML, like Gecko) Chrome/45.0.2454.93 Safari/537.36"
123.63.203.51 - - [23/Sep/2015:07:09:44 -0500] "GET /images/icon_google.png HTTP/1.1" 200 945 "https://www.aaramshop.com/css/style.css" "Mozilla/5.0 (Windows NT 6.1) AppleWebKit/537.36 (KHTML, like Gecko) Chrome/45.0.2454.93 Safari/537.36"
123.63.203.51 - - [23/Sep/2015:07:09:44 -0500] "GET /images/arrow_left_tiny_dark.png HTTP/1.1" 200 203 "https://www.aaramshop.com/css/style.css" "Mozilla/5.0 (Windows NT 6.1) AppleWebKit/537.36 (KHTML, like Gecko) Chrome/45.0.2454.93 Safari/537.36"
122.176.238.10 - - [23/Sep/2015:07:09:44 -0500] "GET /product-detail/ HTTP/1.1" 302 20 "https://www.aaramshop.com/product-detail/nutrela-soya-mini-chunks" "Mozilla/5.0 (Windows NT 6.1) AppleWebKit/537.36 (KHTML, like Gecko) Chrome/45.0.2454.93 Safari/537.36"
123.63.203.51 - - [23/Sep/2015:07:09:44 -0500] "GET /uploaded_files/product/400x400/Leonardo_Extra_Virgin_Olive_Oil_5_litre_tin_AaramShop.jpg HTTP/1.1" 200 29023 "https://www.aaramshop.com/product-detail/leonardo-extra-virgin-olive-oil" "Mozilla/5.0 (Windows NT 6.1) AppleWebKit/537.36 (KHTML, like Gecko) Chrome/45.0.2454.93 Safari/537.36"
123.63.203.51 - - [23/Sep/2015:07:09:45 -0500] "GET /images/main_nav_bgr_dark_hover.png HTTP/1.1" 200 223 "https://www.aaramshop.com/css/style.css" "Mozilla/5.0 (Windows NT 6.1) AppleWebKit/537.36 (KHTML, like Gecko) Chrome/45.0.2454.93 Safari/537.36"
122.176.238.10 - - [23/Sep/2015:07:09:45 -0500] "GET /aaram-shop/no-store HTTP/1.1" 200 5606 "https://www.aaramshop.com/product-detail/nutrela-soya-mini-chunks" "Mozilla/5.0 (Windows NT 6.1) AppleWebKit/537.36 (KHTML, like Gecko) Chrome/45.0.2454.93 Safari/537.36"
123.63.203.51 - - [23/Sep/2015:07:09:45 -0500] "GET /product-detail/ HTTP/1.1" 302 20 "https://www.aaramshop.com/product-detail/leonardo-extra-virgin-olive-oil" "Mozilla/5.0 (Windows NT 6.1) AppleWebKit/537.36 (KHTML, like Gecko) Chrome/45.0.2454.93 Safari/537.36"
123.63.203.51 - - [23/Sep/2015:07:09:46 -0500] "GET /aaram-shop/no-store HTTP/1.1" 200 5606 "https://www.aaramshop.com/product-detail/leonardo-extra-virgin-olive-oil" "Mozilla/5.0 (Windows NT 6.1) AppleWebKit/537.36 (KHTML, like Gecko) Chrome/45.0.2454.93 Safari/537.36"
66.249.79.249 - - [23/Sep/2015:07:09:46 -0500] "GET /harshmedicos/subcategory/chewing-gums HTTP/1.1" 200 14100 "-" "Mozilla/5.0 (compatible; Googlebot/2.1; +http://www.google.com/bot.html)"
101.62.192.97 - - [23/Sep/2015:07:09:46 -0500] "POST /m/account/register HTTP/1.1" 302 20 "https://www.aaramshop.com/m/account/register" "Mozilla/5.0 (Linux; Android 5.0; Lenovo K50a40 Build/LRX21M) AppleWebKit/537.36 (KHTML, like Gecko) Chrome/45.0.2454.84 Mobile Safari/537.36"
101.62.192.97 - - [23/Sep/2015:07:09:43 -0500] "POST /m/account/register HTTP/1.1" 302 20 "https://www.aaramshop.com/m/account/register" "Mozilla/5.0 (Linux; Android 5.0; Lenovo K50a40 Build/LRX21M) AppleWebKit/537.36 (KHTML, like Gecko) Chrome/45.0.2454.84 Mobile Safari/537.36"
14.140.151.30 - - [23/Sep/2015:07:09:41 -0500] "GET /subcategory/mosquito-repellent HTTP/1.1" 200 19025 "https://www.google.co.in/" "Mozilla/5.0 (Windows NT 10.0) AppleWebKit/537.36 (KHTML, like Gecko) Chrome/45.0.2454.99 Safari/537.36"
14.140.151.30 - - [23/Sep/2015:07:09:48 -0500] "GET /css/style.css HTTP/1.1" 200 13032 "https://www.aaramshop.com/subcategory/mosquito-repellent" "Mozilla/5.0 (Windows NT 10.0) AppleWebKit/537.36 (KHTML, like Gecko) Chrome/45.0.2454.99 Safari/537.36"
101.62.192.97 - - [23/Sep/2015:07:09:48 -0500] "GET /m/aaram-shop/store-locator HTTP/1.1" 200 4741 "https://www.aaramshop.com/m/account/register" "Mozilla/5.0 (Linux; Android 5.0; Lenovo K50a40 Build/LRX21M) AppleWebKit/537.36 (KHTML, like Gecko) Chrome/45.0.2454.84 Mobile Safari/537.36"
14.140.151.30 - - [23/Sep/2015:07:09:48 -0500] "GET /css/carousel.css HTTP/1.1" 200 718 "https://www.aaramshop.com/subcategory/mosquito-repellent" "Mozilla/5.0 (Windows NT 10.0) AppleWebKit/537.36 (KHTML, like Gecko) Chrome/45.0.2454.99 Safari/537.36"
14.140.151.30 - - [23/Sep/2015:07:09:49 -0500] "GET /js/common.js HTTP/1.1" 200 1013 "https://www.aaramshop.com/subcategory/mosquito-repellent" "Mozilla/5.0 (Windows NT 10.0) AppleWebKit/537.36 (KHTML, like Gecko) Chrome/45.0.2454.99 Safari/537.36"
14.140.151.30 - - [23/Sep/2015:07:09:49 -0500] "GET /css/camera.css HTTP/1.1" 200 1697 "https://www.aaramshop.com/subcategory/mosquito-repellent" "Mozilla/5.0 (Windows NT 10.0) AppleWebKit/537.36 (KHTML, like Gecko) Chrome/45.0.2454.99 Safari/537.36"
14.140.151.30 - - [23/Sep/2015:07:09:49 -0500] "GET /js/jquery.easing.1.3.js HTTP/1.1" 200 809 "https://www.aaramshop.com/subcategory/mosquito-repellent" "Mozilla/5.0 (Windows NT 10.0) AppleWebKit/537.36 (KHTML, like Gecko) Chrome/45.0.2454.99 Safari/537.36"
14.140.151.30 - - [23/Sep/2015:07:09:49 -0500] "GET /css/jquery-ui.css HTTP/1.1" 200 4354 "https://www.aaramshop.com/subcategory/mosquito-repellent" "Mozilla/5.0 (Windows NT 10.0) AppleWebKit/537.36 (KHTML, like Gecko) Chrome/45.0.2454.99 Safari/537.36"
14.140.151.30 - - [23/Sep/2015:07:09:49 -0500] "GET /js/tabs.js HTTP/1.1" 200 199 "https://www.aaramshop.com/subcategory/mosquito-repellent" "Mozilla/5.0 (Windows NT 10.0) AppleWebKit/537.36 (KHTML, like Gecko) Chrome/45.0.2454.99 Safari/537.36"
101.62.192.97 - - [23/Sep/2015:07:09:49 -0500] "GET /imagess/main_bgr.png HTTP/1.1" 302 20 "https://www.aaramshop.com/stylesheet/stylesheet.css" "Mozilla/5.0 (Linux; Android 5.0; Lenovo K50a40 Build/LRX21M) AppleWebKit/537.36 (KHTML, like Gecko) Chrome/45.0.2454.84 Mobile Safari/537.36"
14.140.151.30 - - [23/Sep/2015:07:09:49 -0500] "GET /js/jquery.cookie.js HTTP/1.1" 200 368 "https://www.aaramshop.com/subcategory/mosquito-repellent" "Mozilla/5.0 (Windows NT 10.0) AppleWebKit/537.36 (KHTML, like Gecko) Chrome/45.0.2454.99 Safari/537.36"
14.140.151.30 - - [23/Sep/2015:07:09:49 -0500] "GET /js/jquery-1.7.1.min.js HTTP/1.1" 200 33110 "https://www.aaramshop.com/subcategory/mosquito-repellent" "Mozilla/5.0 (Windows NT 10.0) AppleWebKit/537.36 (KHTML, like Gecko) Chrome/45.0.2454.99 Safari/537.36"
14.140.151.30 - - [23/Sep/2015:07:09:49 -0500] "GET /js/camera.js HTTP/1.1" 200 9142 "https://www.aaramshop.com/subcategory/mosquito-repellent" "Mozilla/5.0 (Windows NT 10.0) AppleWebKit/537.36 (KHTML, like Gecko) Chrome/45.0.2454.99 Safari/537.36"
14.140.151.30 - - [23/Sep/2015:07:09:49 -0500] "GET /js/jquery.jcarousel.min.js HTTP/1.1" 200 4232 "https://www.aaramshop.com/subcategory/mosquito-repellent" "Mozilla/5.0 (Windows NT 10.0) AppleWebKit/537.36 (KHTML, like Gecko) Chrome/45.0.2454.99 Safari/537.36"
14.140.151.30 - - [23/Sep/2015:07:09:49 -0500] "GET /js/aquacart_custom.js HTTP/1.1" 200 687 "https://www.aaramshop.com/subcategory/mosquito-repellent" "Mozilla/5.0 (Windows NT 10.0) AppleWebKit/537.36 (KHTML, like Gecko) Chrome/45.0.2454.99 Safari/537.36"
14.140.151.30 - - [23/Sep/2015:07:09:49 -0500] "GET /js/jquery.cycle.js HTTP/1.1" 200 1451 "https://www.aaramshop.com/subcategory/mosquito-repellent" "Mozilla/5.0 (Windows NT 10.0) AppleWebKit/537.36 (KHTML, like Gecko) Chrome/45.0.2454.99 Safari/537.36"
14.140.151.30 - - [23/Sep/2015:07:09:49 -0500] "GET /js/jquery-ui-1.8.16.custom.min.js HTTP/1.1" 200 50398 "https://www.aaramshop.com/subcategory/mosquito-repellent" "Mozilla/5.0 (Windows NT 10.0) AppleWebKit/537.36 (KHTML, like Gecko) Chrome/45.0.2454.99 Safari/537.36"
14.140.151.30 - - [23/Sep/2015:07:09:50 -0500] "GET /js/cart.js HTTP/1.1" 200 947 "https://www.aaramshop.com/subcategory/mosquito-repellent" "Mozilla/5.0 (Windows NT 10.0) AppleWebKit/537.36 (KHTML, like Gecko) Chrome/45.0.2454.99 Safari/537.36"
14.140.151.30 - - [23/Sep/2015:07:09:50 -0500] "GET /js/search.js HTTP/1.1" 200 590 "https://www.aaramshop.com/subcategory/mosquito-repellent" "Mozilla/5.0 (Windows NT 10.0) AppleWebKit/537.36 (KHTML, like Gecko) Chrome/45.0.2454.99 Safari/537.36"
14.140.151.30 - - [23/Sep/2015:07:09:50 -0500] "GET /images/aaramshop-logo.png HTTP/1.1" 200 4086 "https://www.aaramshop.com/subcategory/mosquito-repellent" "Mozilla/5.0 (Windows NT 10.0) AppleWebKit/537.36 (KHTML, like Gecko) Chrome/45.0.2454.99 Safari/537.36"
101.62.192.97 - - [23/Sep/2015:07:09:50 -0500] "GET /m/imagess/main_bgr.png HTTP/1.1" 302 20 "https://www.aaramshop.com/stylesheet/stylesheet.css" "Mozilla/5.0 (Linux; Android 5.0; Lenovo K50a40 Build/LRX21M) AppleWebKit/537.36 (KHTML, like Gecko) Chrome/45.0.2454.84 Mobile Safari/537.36"
14.140.151.30 - - [23/Sep/2015:07:09:50 -0500] "GET /uploaded_files/product/100x100/05-43-331291906651.jpg HTTP/1.1" 200 3988 "https://www.aaramshop.com/subcategory/mosquito-repellent" "Mozilla/5.0 (Windows NT 10.0) AppleWebKit/537.36 (KHTML, like Gecko) Chrome/45.0.2454.99 Safari/537.36"
14.140.151.30 - - [23/Sep/2015:07:09:50 -0500] "GET /uploaded_files/banner/160x1602.jpg HTTP/1.1" 200 27881 "https://www.aaramshop.com/subcategory/mosquito-repellent" "Mozilla/5.0 (Windows NT 10.0) AppleWebKit/537.36 (KHTML, like Gecko) Chrome/45.0.2454.99 Safari/537.36"
14.140.151.30 - - [23/Sep/2015:07:09:50 -0500] "GET /images/stars-0.png HTTP/1.1" 200 576 "https://www.aaramshop.com/subcategory/mosquito-repellent" "Mozilla/5.0 (Windows NT 10.0) AppleWebKit/537.36 (KHTML, like Gecko) Chrome/45.0.2454.99 Safari/537.36"
14.140.151.30 - - [23/Sep/2015:07:09:50 -0500] "GET /uploaded_files/product/100x100/04-35-01176982446.jpg HTTP/1.1" 200 4515 "https://www.aaramshop.com/subcategory/mosquito-repellent" "Mozilla/5.0 (Windows NT 10.0) AppleWebKit/537.36 (KHTML, like Gecko) Chrome/45.0.2454.99 Safari/537.36"
14.140.151.30 - - [23/Sep/2015:07:09:50 -0500] "GET /uploaded_files/banner/keratex-160x300.jpg HTTP/1.1" 200 46780 "https://www.aaramshop.com/subcategory/mosquito-repellent" "Mozilla/5.0 (Windows NT 10.0) AppleWebKit/537.36 (KHTML, like Gecko) Chrome/45.0.2454.99 Safari/537.36"
122.162.51.46 - - [23/Sep/2015:07:09:50 -0500] "POST /asadmn/aaramshop/autocomplete_store HTTP/1.1" 200 22 "https://www.aaramshop.com/asadmn/aaramshop" "Mozilla/5.0 (Windows NT 5.1) AppleWebKit/537.36 (KHTML, like Gecko) Chrome/45.0.2454.93 Safari/537.36"
101.62.192.97 - - [23/Sep/2015:07:09:50 -0500] "GET /m/aaram-shop/no-store HTTP/1.1" 200 4196 "https://www.aaramshop.com/stylesheet/stylesheet.css" "Mozilla/5.0 (Linux; Android 5.0; Lenovo K50a40 Build/LRX21M) AppleWebKit/537.36 (KHTML, like Gecko) Chrome/45.0.2454.84 Mobile Safari/537.36"
14.140.151.30 - - [23/Sep/2015:07:09:51 -0500] "GET /images/main_bgr.png HTTP/1.1" 200 4661 "https://www.aaramshop.com/css/style.css" "Mozilla/5.0 (Windows NT 10.0) AppleWebKit/537.36 (KHTML, like Gecko) Chrome/45.0.2454.99 Safari/537.36"
14.140.151.30 - - [23/Sep/2015:07:09:51 -0500] "GET /images/main_nav_bgr_dark.png HTTP/1.1" 200 220 "https://www.aaramshop.com/css/style.css" "Mozilla/5.0 (Windows NT 10.0) AppleWebKit/537.36 (KHTML, like Gecko) Chrome/45.0.2454.99 Safari/537.36"
14.140.151.30 - - [23/Sep/2015:07:09:51 -0500] "GET /images/main_nav_bgr_sep_dark.png HTTP/1.1" 200 271 "https://www.aaramshop.com/css/style.css" "Mozilla/5.0 (Windows NT 10.0) AppleWebKit/537.36 (KHTML, like Gecko) Chrome/45.0.2454.99 Safari/537.36"
14.140.151.30 - - [23/Sep/2015:07:09:50 -0500] "GET /uploaded_files/banner/keratex-160x300b.jpg HTTP/1.1" 200 46780 "https://www.aaramshop.com/subcategory/mosquito-repellent" "Mozilla/5.0 (Windows NT 10.0) AppleWebKit/537.36 (KHTML, like Gecko) Chrome/45.0.2454.99 Safari/537.36"
14.140.151.30 - - [23/Sep/2015:07:09:51 -0500] "GET /images/arrow_left_tiny2.png HTTP/1.1" 200 192 "https://www.aaramshop.com/css/style.css" "Mozilla/5.0 (Windows NT 10.0) AppleWebKit/537.36 (KHTML, like Gecko) Chrome/45.0.2454.99 Safari/537.36"
122.162.51.46 - - [23/Sep/2015:07:09:51 -0500] "POST /asadmn/aaramshop/autocomplete_store HTTP/1.1" 200 175 "https://www.aaramshop.com/asadmn/aaramshop" "Mozilla/5.0 (Windows NT 5.1) AppleWebKit/537.36 (KHTML, like Gecko) Chrome/45.0.2454.93 Safari/537.36"
14.140.151.30 - - [23/Sep/2015:07:09:51 -0500] "GET /images/search_bgr.png HTTP/1.1" 200 514 "https://www.aaramshop.com/css/style.css" "Mozilla/5.0 (Windows NT 10.0) AppleWebKit/537.36 (KHTML, like Gecko) Chrome/45.0.2454.99 Safari/537.36"
14.140.151.30 - - [23/Sep/2015:07:09:51 -0500] "GET /images/grad_menu.png HTTP/1.1" 200 169 "https://www.aaramshop.com/css/style.css" "Mozilla/5.0 (Windows NT 10.0) AppleWebKit/537.36 (KHTML, like Gecko) Chrome/45.0.2454.99 Safari/537.36"
14.140.151.30 - - [23/Sep/2015:07:09:51 -0500] "GET /images/camera_skins.png HTTP/1.1" 200 3254 "https://www.aaramshop.com/css/camera.css" "Mozilla/5.0 (Windows NT 10.0) AppleWebKit/537.36 (KHTML, like Gecko) Chrome/45.0.2454.99 Safari/537.36"
14.140.151.30 - - [23/Sep/2015:07:09:51 -0500] "GET /images/header_bgr.png HTTP/1.1" 200 176 "https://www.aaramshop.com/css/style.css" "Mozilla/5.0 (Windows NT 10.0) AppleWebKit/537.36 (KHTML, like Gecko) Chrome/45.0.2454.99 Safari/537.36"
14.140.151.30 - - [23/Sep/2015:07:09:51 -0500] "GET /images/button-search.png HTTP/1.1" 200 325 "https://www.aaramshop.com/css/style.css" "Mozilla/5.0 (Windows NT 10.0) AppleWebKit/537.36 (KHTML, like Gecko) Chrome/45.0.2454.99 Safari/537.36"
14.140.151.30 - - [23/Sep/2015:07:09:51 -0500] "GET /images/camera-loader.gif HTTP/1.1" 200 5540 "https://www.aaramshop.com/css/camera.css" "Mozilla/5.0 (Windows NT 10.0) AppleWebKit/537.36 (KHTML, like Gecko) Chrome/45.0.2454.99 Safari/537.36"
14.140.151.30 - - [23/Sep/2015:07:09:51 -0500] "GET /images/home_icon.png HTTP/1.1" 200 154 "https://www.aaramshop.com/css/style.css" "Mozilla/5.0 (Windows NT 10.0) AppleWebKit/537.36 (KHTML, like Gecko) Chrome/45.0.2454.99 Safari/537.36"
14.140.151.30 - - [23/Sep/2015:07:09:51 -0500] "GET /uploaded_files/product/100x100/01-08-521382680930.jpg HTTP/1.1" 200 4720 "https://www.aaramshop.com/subcategory/mosquito-repellent" "Mozilla/5.0 (Windows NT 10.0) AppleWebKit/537.36 (KHTML, like Gecko) Chrome/45.0.2454.99 Safari/537.36"
14.140.151.30 - - [23/Sep/2015:07:09:51 -0500] "GET /uploaded_files/product/100x100/06-29-2094797197.jpg HTTP/1.1" 200 5141 "https://www.aaramshop.com/subcategory/mosquito-repellent" "Mozilla/5.0 (Windows NT 10.0) AppleWebKit/537.36 (KHTML, like Gecko) Chrome/45.0.2454.99 Safari/537.36"
14.140.151.30 - - [23/Sep/2015:07:09:52 -0500] "GET /uploaded_files/product/100x100/05-56-231587229139.jpg HTTP/1.1" 200 3609 "https://www.aaramshop.com/subcategory/mosquito-repellent" "Mozilla/5.0 (Windows NT 10.0) AppleWebKit/537.36 (KHTML, like Gecko) Chrome/45.0.2454.99 Safari/537.36"
14.140.151.30 - - [23/Sep/2015:07:09:52 -0500] "GET /uploaded_files/product/100x100/05-50-39832913441.jpg HTTP/1.1" 200 4651 "https://www.aaramshop.com/subcategory/mosquito-repellent" "Mozilla/5.0 (Windows NT 10.0) AppleWebKit/537.36 (KHTML, like Gecko) Chrome/45.0.2454.99 Safari/537.36"
14.140.151.30 - - [23/Sep/2015:07:09:52 -0500] "GET /uploaded_files/product/100x100/Mortein-PowerGard-MaxPower-Coil-AaramShop.jpg HTTP/1.1" 200 6940 "https://www.aaramshop.com/subcategory/mosquito-repellent" "Mozilla/5.0 (Windows NT 10.0) AppleWebKit/537.36 (KHTML, like Gecko) Chrome/45.0.2454.99 Safari/537.36"
14.140.151.30 - - [23/Sep/2015:07:09:52 -0500] "GET /uploaded_files/product/100x100/Mortein-NaturGard-Vaporizer-Kit-AaramShop.jpg HTTP/1.1" 200 5893 "https://www.aaramshop.com/subcategory/mosquito-repellent" "Mozilla/5.0 (Windows NT 10.0) AppleWebKit/537.36 (KHTML, like Gecko) Chrome/45.0.2454.99 Safari/537.36"
14.140.151.30 - - [23/Sep/2015:07:09:52 -0500] "GET /images/stars-2.png HTTP/1.1" 200 925 "https://www.aaramshop.com/subcategory/mosquito-repellent" "Mozilla/5.0 (Windows NT 10.0) AppleWebKit/537.36 (KHTML, like Gecko) Chrome/45.0.2454.99 Safari/537.36"
14.140.151.30 - - [23/Sep/2015:07:09:52 -0500] "GET /uploaded_files/product/100x100/Mortein-PowerGard-Vaporizer-AaramShop.jpg HTTP/1.1" 200 6447 "https://www.aaramshop.com/subcategory/mosquito-repellent" "Mozilla/5.0 (Windows NT 10.0) AppleWebKit/537.36 (KHTML, like Gecko) Chrome/45.0.2454.99 Safari/537.36"
14.140.151.30 - - [23/Sep/2015:07:09:52 -0500] "GET /uploaded_files/product/100x100/17-56-211364399413.jpg HTTP/1.1" 200 3153 "https://www.aaramshop.com/subcategory/mosquito-repellent" "Mozilla/5.0 (Windows NT 10.0) AppleWebKit/537.36 (KHTML, like Gecko) Chrome/45.0.2454.99 Safari/537.36"
14.140.151.30 - - [23/Sep/2015:07:09:52 -0500] "GET /uploaded_files/product/100x100/18-08-591715044910.jpg HTTP/1.1" 200 2989 "https://www.aaramshop.com/subcategory/mosquito-repellent" "Mozilla/5.0 (Windows NT 10.0) AppleWebKit/537.36 (KHTML, like Gecko) Chrome/45.0.2454.99 Safari/537.36"
14.140.151.30 - - [23/Sep/2015:07:09:52 -0500] "GET /uploaded_files/product/100x100/all_out_refill_aaramshop.jpg HTTP/1.1" 200 4757 "https://www.aaramshop.com/subcategory/mosquito-repellent" "Mozilla/5.0 (Windows NT 10.0) AppleWebKit/537.36 (KHTML, like Gecko) Chrome/45.0.2454.99 Safari/537.36"
14.140.151.30 - - [23/Sep/2015:07:09:52 -0500] "GET /uploaded_files/product/100x100/Ultra_Pack_aaramshop.jpg HTTP/1.1" 200 5038 "https://www.aaramshop.com/subcategory/mosquito-repellent" "Mozilla/5.0 (Windows NT 10.0) AppleWebKit/537.36 (KHTML, like Gecko) Chrome/45.0.2454.99 Safari/537.36"
14.140.151.30 - - [23/Sep/2015:07:09:52 -0500] "GET /uploaded_files/product/100x100/all_out_power_refill_aaramshop.jpg HTTP/1.1" 200 4671 "https://www.aaramshop.com/subcategory/mosquito-repellent" "Mozilla/5.0 (Windows NT 10.0) AppleWebKit/537.36 (KHTML, like Gecko) Chrome/45.0.2454.99 Safari/537.36"
14.140.151.30 - - [23/Sep/2015:07:09:52 -0500] "GET /uploaded_files/product/100x100/all_out_total_refill_aaramshop.jpg HTTP/1.1" 200 4724 "https://www.aaramshop.com/subcategory/mosquito-repellent" "Mozilla/5.0 (Windows NT 10.0) AppleWebKit/537.36 (KHTML, like Gecko) Chrome/45.0.2454.99 Safari/537.36"
14.140.151.30 - - [23/Sep/2015:07:09:52 -0500] "GET /uploaded_files/product/100x100/Ultra_refill_aaramshop.jpg HTTP/1.1" 200 4382 "https://www.aaramshop.com/subcategory/mosquito-repellent" "Mozilla/5.0 (Windows NT 10.0) AppleWebKit/537.36 (KHTML, like Gecko) Chrome/45.0.2454.99 Safari/537.36"
14.140.151.30 - - [23/Sep/2015:07:09:52 -0500] "GET /uploaded_files/product/100x100/Mortein-NaturGard-Vaporizer-45-night-Refill-AaramShop.jpg HTTP/1.1" 200 4322 "https://www.aaramshop.com/subcategory/mosquito-repellent" "Mozilla/5.0 (Windows NT 10.0) AppleWebKit/537.36 (KHTML, like Gecko) Chrome/45.0.2454.99 Safari/537.36"
122.162.51.46 - - [23/Sep/2015:07:09:52 -0500] "GET /asadmn/notification HTTP/1.1" 200 25 "https://www.aaramshop.com/asadmn/aaramshop" "Mozilla/5.0 (Windows NT 5.1) AppleWebKit/537.36 (KHTML, like Gecko) Chrome/45.0.2454.93 Safari/537.36"
14.140.151.30 - - [23/Sep/2015:07:09:53 -0500] "GET /uploaded_files/product/100x100/kaaka-hit_AaramShop.jpg HTTP/1.1" 200 2629 "https://www.aaramshop.com/subcategory/mosquito-repellent" "Mozilla/5.0 (Windows NT 10.0) AppleWebKit/537.36 (KHTML, like Gecko) Chrome/45.0.2454.99 Safari/537.36"
14.140.151.30 - - [23/Sep/2015:07:09:53 -0500] "GET /images/grad.png HTTP/1.1" 200 163 "https://www.aaramshop.com/css/style.css" "Mozilla/5.0 (Windows NT 10.0) AppleWebKit/537.36 (KHTML, like Gecko) Chrome/45.0.2454.99 Safari/537.36"
14.140.151.30 - - [23/Sep/2015:07:09:53 -0500] "GET /uploaded_files/product/100x100/Mortein-NaturGard-Aerosol-AaramShop.jpg HTTP/1.1" 200 2327 "https://www.aaramshop.com/subcategory/mosquito-repellent" "Mozilla/5.0 (Windows NT 10.0) AppleWebKit/537.36 (KHTML, like Gecko) Chrome/45.0.2454.99 Safari/537.36"
14.140.151.30 - - [23/Sep/2015:07:09:53 -0500] "GET /images/stars-5.png HTTP/1.1" 200 633 "https://www.aaramshop.com/subcategory/mosquito-repellent" "Mozilla/5.0 (Windows NT 10.0) AppleWebKit/537.36 (KHTML, like Gecko) Chrome/45.0.2454.99 Safari/537.36"
14.140.151.30 - - [23/Sep/2015:07:09:53 -0500] "GET /uploaded_files/product/100x100/Mortein-PowerGardPower-Booster-Coil-AaramShop.jpg HTTP/1.1" 200 7238 "https://www.aaramshop.com/subcategory/mosquito-repellent" "Mozilla/5.0 (Windows NT 10.0) AppleWebKit/537.36 (KHTML, like Gecko) Chrome/45.0.2454.99 Safari/537.36"
14.140.151.30 - - [23/Sep/2015:07:09:53 -0500] "GET /uploaded_files/banner/740x1509.jpg?1443010197069 HTTP/1.1" 200 31073 "https://www.aaramshop.com/subcategory/mosquito-repellent" "Mozilla/5.0 (Windows NT 10.0) AppleWebKit/537.36 (KHTML, like Gecko) Chrome/45.0.2454.99 Safari/537.36"
14.140.151.30 - - [23/Sep/2015:07:09:53 -0500] "GET /uploaded_files/product/100x100/Mortein-PowerGardPower-Jumbo-Coil-AaramShop.jpg HTTP/1.1" 200 6581 "https://www.aaramshop.com/subcategory/mosquito-repellent" "Mozilla/5.0 (Windows NT 10.0) AppleWebKit/537.36 (KHTML, like Gecko) Chrome/45.0.2454.99 Safari/537.36"
14.140.151.30 - - [23/Sep/2015:07:09:53 -0500] "GET /images/vwie.png HTTP/1.1" 200 1624 "https://www.aaramshop.com/css/style.css" "Mozilla/5.0 (Windows NT 10.0) AppleWebKit/537.36 (KHTML, like Gecko) Chrome/45.0.2454.99 Safari/537.36"
14.140.151.30 - - [23/Sep/2015:07:09:53 -0500] "GET /uploaded_files/product/100x100/Mortein-PowerGard-DeepReach-Coil-AaramShop.jpg HTTP/1.1" 200 6677 "https://www.aaramshop.com/subcategory/mosquito-repellent" "Mozilla/5.0 (Windows NT 10.0) AppleWebKit/537.36 (KHTML, like Gecko) Chrome/45.0.2454.99 Safari/537.36"
14.140.151.30 - - [23/Sep/2015:07:09:53 -0500] "GET /images/show_bg.jpg HTTP/1.1" 200 1024 "https://www.aaramshop.com/css/style.css" "Mozilla/5.0 (Windows NT 10.0) AppleWebKit/537.36 (KHTML, like Gecko) Chrome/45.0.2454.99 Safari/537.36"
14.140.151.30 - - [23/Sep/2015:07:09:53 -0500] "GET /images/innner-glow.png HTTP/1.1" 200 182 "https://www.aaramshop.com/css/style.css" "Mozilla/5.0 (Windows NT 10.0) AppleWebKit/537.36 (KHTML, like Gecko) Chrome/45.0.2454.99 Safari/537.36"
14.140.151.30 - - [23/Sep/2015:07:09:53 -0500] "GET /images/shadow.png HTTP/1.1" 200 935 "https://www.aaramshop.com/css/style.css" "Mozilla/5.0 (Windows NT 10.0) AppleWebKit/537.36 (KHTML, like Gecko) Chrome/45.0.2454.99 Safari/537.36"
14.140.151.30 - - [23/Sep/2015:07:09:53 -0500] "GET /images/chkout.png HTTP/1.1" 200 2498 "https://www.aaramshop.com/css/style.css" "Mozilla/5.0 (Windows NT 10.0) AppleWebKit/537.36 (KHTML, like Gecko) Chrome/45.0.2454.99 Safari/537.36"
14.140.151.30 - - [23/Sep/2015:07:09:53 -0500] "GET /images/down-arrow.png HTTP/1.1" 200 267 "https://www.aaramshop.com/css/style.css" "Mozilla/5.0 (Windows NT 10.0) AppleWebKit/537.36 (KHTML, like Gecko) Chrome/45.0.2454.99 Safari/537.36"
14.140.151.30 - - [23/Sep/2015:07:09:53 -0500] "GET /images/icon.jpg HTTP/1.1" 200 718 "https://www.aaramshop.com/subcategory/mosquito-repellent" "Mozilla/5.0 (Windows NT 10.0) AppleWebKit/537.36 (KHTML, like Gecko) Chrome/45.0.2454.99 Safari/537.36"
14.140.151.30 - - [23/Sep/2015:07:09:53 -0500] "GET /images/aaram-bag.png HTTP/1.1" 200 2968 "https://www.aaramshop.com/subcategory/mosquito-repellent" "Mozilla/5.0 (Windows NT 10.0) AppleWebKit/537.36 (KHTML, like Gecko) Chrome/45.0.2454.99 Safari/537.36"
14.140.151.30 - - [23/Sep/2015:07:09:54 -0500] "GET /uploaded_files/addtocart/vivel-add-to-cart-icon.png HTTP/1.1" 200 18194 "https://www.aaramshop.com/subcategory/mosquito-repellent" "Mozilla/5.0 (Windows NT 10.0) AppleWebKit/537.36 (KHTML, like Gecko) Chrome/45.0.2454.99 Safari/537.36"
122.162.51.46 - - [23/Sep/2015:07:09:53 -0500] "POST /asadmn/aaramshop HTTP/1.1" 200 4924 "https://www.aaramshop.com/asadmn/aaramshop" "Mozilla/5.0 (Windows NT 5.1) AppleWebKit/537.36 (KHTML, like Gecko) Chrome/45.0.2454.93 Safari/537.36"
14.140.151.30 - - [23/Sep/2015:07:09:54 -0500] "GET /images/main_nav_bgr_sep_vertical_dark.png HTTP/1.1" 200 89 "https://www.aaramshop.com/css/style.css" "Mozilla/5.0 (Windows NT 10.0) AppleWebKit/537.36 (KHTML, like Gecko) Chrome/45.0.2454.99 Safari/537.36"
14.140.151.30 - - [23/Sep/2015:07:09:54 -0500] "GET /uploaded_files/product/100x100/Mortein-PowerGard-Mosquito-Mats-AaramShop.jpg HTTP/1.1" 200 4410 "https://www.aaramshop.com/subcategory/mosquito-repellent" "Mozilla/5.0 (Windows NT 10.0) AppleWebKit/537.36 (KHTML, like Gecko) Chrome/45.0.2454.99 Safari/537.36"
14.140.151.30 - - [23/Sep/2015:07:09:54 -0500] "GET /uploaded_files/product/100x100/P-FO-KG-001LT-PH-FGH-8(SS)_AaramShop1.jpg HTTP/1.1" 200 3850 "https://www.aaramshop.com/subcategory/mosquito-repellent" "Mozilla/5.0 (Windows NT 10.0) AppleWebKit/537.36 (KHTML, like Gecko) Chrome/45.0.2454.99 Safari/537.36"
14.140.151.30 - - [23/Sep/2015:07:09:54 -0500] "GET /uploaded_files/product/100x100/magnum-chocolate-truffle.jpg HTTP/1.1" 200 2518 "https://www.aaramshop.com/subcategory/mosquito-repellent" "Mozilla/5.0 (Windows NT 10.0) AppleWebKit/537.36 (KHTML, like Gecko) Chrome/45.0.2454.99 Safari/537.36"
14.140.151.30 - - [23/Sep/2015:07:09:54 -0500] "GET /images/cities-icon.png HTTP/1.1" 200 2807 "https://www.aaramshop.com/subcategory/mosquito-repellent" "Mozilla/5.0 (Windows NT 10.0) AppleWebKit/537.36 (KHTML, like Gecko) Chrome/45.0.2454.99 Safari/537.36"
14.140.151.30 - - [23/Sep/2015:07:09:54 -0500] "GET /uploaded_files/product/100x100/meswak.jpg HTTP/1.1" 200 3435 "https://www.aaramshop.com/subcategory/mosquito-repellent" "Mozilla/5.0 (Windows NT 10.0) AppleWebKit/537.36 (KHTML, like Gecko) Chrome/45.0.2454.99 Safari/537.36"
14.140.151.30 - - [23/Sep/2015:07:09:54 -0500] "GET /uploaded_files/product/100x100/Axe_Signature-INTENSE.jpg HTTP/1.1" 200 1966 "https://www.aaramshop.com/subcategory/mosquito-repellent" "Mozilla/5.0 (Windows NT 10.0) AppleWebKit/537.36 (KHTML, like Gecko) Chrome/45.0.2454.99 Safari/537.36"
14.140.151.30 - - [23/Sep/2015:07:09:54 -0500] "GET /uploaded_files/product/100x100/Everyday.jpg HTTP/1.1" 200 3798 "https://www.aaramshop.com/subcategory/mosquito-repellent" "Mozilla/5.0 (Windows NT 10.0) AppleWebKit/537.36 (KHTML, like Gecko) Chrome/45.0.2454.99 Safari/537.36"
14.140.151.30 - - [23/Sep/2015:07:09:55 -0500] "GET /uploaded_files/product/100x100/12-46-581919986346.jpg HTTP/1.1" 200 1842 "https://www.aaramshop.com/subcategory/mosquito-repellent" "Mozilla/5.0 (Windows NT 10.0) AppleWebKit/537.36 (KHTML, like Gecko) Chrome/45.0.2454.99 Safari/537.36"
14.140.151.30 - - [23/Sep/2015:07:09:55 -0500] "GET /uploaded_files/product/100x100/ORANGE_AaramShop.jpg HTTP/1.1" 200 3043 "https://www.aaramshop.com/subcategory/mosquito-repellent" "Mozilla/5.0 (Windows NT 10.0) AppleWebKit/537.36 (KHTML, like Gecko) Chrome/45.0.2454.99 Safari/537.36"
14.140.151.30 - - [23/Sep/2015:07:09:55 -0500] "GET /uploaded_files/product/100x100/02-07-4557395797.jpg HTTP/1.1" 200 2523 "https://www.aaramshop.com/subcategory/mosquito-repellent" "Mozilla/5.0 (Windows NT 10.0) AppleWebKit/537.36 (KHTML, like Gecko) Chrome/45.0.2454.99 Safari/537.36"
14.140.151.30 - - [23/Sep/2015:07:09:55 -0500] "GET /uploaded_files/product/100x100/FDW-Fresh-Revive-Shower-GEl-Aaramshop.jpg HTTP/1.1" 200 2350 "https://www.aaramshop.com/subcategory/mosquito-repellent" "Mozilla/5.0 (Windows NT 10.0) AppleWebKit/537.36 (KHTML, like Gecko) Chrome/45.0.2454.99 Safari/537.36"
14.140.151.30 - - [23/Sep/2015:07:09:55 -0500] "GET /uploaded_files/product/100x100/cocacola_AaramShop.jpg HTTP/1.1" 200 2585 "https://www.aaramshop.com/subcategory/mosquito-repellent" "Mozilla/5.0 (Windows NT 10.0) AppleWebKit/537.36 (KHTML, like Gecko) Chrome/45.0.2454.99 Safari/537.36"
14.140.151.30 - - [23/Sep/2015:07:09:55 -0500] "GET /images/red.jpg HTTP/1.1" 200 1527 "https://www.aaramshop.com/subcategory/mosquito-repellent" "Mozilla/5.0 (Windows NT 10.0) AppleWebKit/537.36 (KHTML, like Gecko) Chrome/45.0.2454.99 Safari/537.36"
